[00:00:03] [Server thread/INFO] [net.minecraft.server.dedicated.DedicatedServer]: Floppapan was slain by Sea Serpent
[00:00:04] [Server thread/WARN] [net.minecraft.network.NetHandlerPlayServer]: Floppapan moved wrongly!
[00:00:06] [Server thread/INFO] [ebwizardry]: Sending global donation perk settings to Floppapan
[00:01:26] [Server thread/WARN] [net.minecraft.network.NetHandlerPlayServer]: Floppapan moved wrongly!
[00:02:12] [Server thread/INFO] [net.minecraft.server.dedicated.DedicatedServer]: laureeanoKy was slain by Wildkin
[00:02:14] [Server thread/INFO] [ebwizardry]: Sending global donation perk settings to laureeanoKy
[00:02:44] [Server thread/WARN] [net.minecraft.network.NetHandlerPlayServer]: Floppapan moved wrongly!
[00:03:38] [Server thread/WARN] [net.minecraft.network.NetHandlerPlayServer]: Floppapan moved wrongly!
[00:03:38] [Server thread/INFO] [net.minecraft.server.dedicated.DedicatedServer]: Floppapan was slain by Sea Serpent
[00:03:40] [Server thread/INFO] [ebwizardry]: Sending global donation perk settings to Floppapan
[00:03:46] [Server thread/INFO] [net.minecraft.server.dedicated.DedicatedServer]: <Floppapan> zzzz
[00:03:48] [Server thread/INFO] [net.minecraft.server.dedicated.DedicatedServer]: <Floppapan> zzzzz
[00:03:49] [Server thread/INFO] [net.minecraft.server.dedicated.DedicatedServer]: <Floppapan> zzzzz
[00:03:50] [Server thread/INFO] [net.minecraft.server.dedicated.DedicatedServer]: <Floppapan> zzzz
[00:03:51] [Server thread/INFO] [net.minecraft.server.dedicated.DedicatedServer]: <Floppapan> zz
[00:03:51] [Server thread/INFO] [net.minecraft.server.dedicated.DedicatedServer]: <Floppapan> zz
[00:03:52] [Server thread/INFO] [net.minecraft.server.dedicated.DedicatedServer]: <Floppapan> z
[00:03:52] [Server thread/INFO] [net.minecraft.server.dedicated.DedicatedServer]: <Floppapan> zz
[00:03:52] [Server thread/INFO] [net.minecraft.server.dedicated.DedicatedServer]: <Floppapan> z
[00:03:52] [Server thread/INFO] [net.minecraft.server.dedicated.DedicatedServer]: <Floppapan> z
[00:03:52] [Server thread/INFO] [net.minecraft.server.dedicated.DedicatedServer]: <Floppapan> z
[00:03:53] [Server thread/INFO] [net.minecraft.server.dedicated.DedicatedServer]: <Floppapan> z
[00:03:53] [Server thread/INFO] [net.minecraft.server.dedicated.DedicatedServer]: <Floppapan> z
[00:03:53] [Server thread/INFO] [net.minecraft.server.dedicated.DedicatedServer]: <Floppapan> z
[00:03:53] [Server thread/INFO] [net.minecraft.server.dedicated.DedicatedServer]: <Floppapan> z
[00:03:54] [Server thread/INFO] [net.minecraft.server.dedicated.DedicatedServer]: <Floppapan> z
[00:05:09] [Server thread/INFO] [ebwizardry]: Synchronising advancements for laureeanoKy
[00:05:09] [Server thread/INFO] [ebwizardry]: Synchronising advancements for laureeanoKy
[00:05:09] [Server thread/INFO] [ebwizardry]: Synchronising advancements for laureeanoKy
[00:05:09] [Server thread/INFO] [ebwizardry]: Synchronising advancements for laureeanoKy
[00:05:09] [Server thread/INFO] [ebwizardry]: Synchronising advancements for laureeanoKy
[00:05:09] [Server thread/INFO] [ebwizardry]: Synchronising advancements for laureeanoKy
[00:05:09] [Server thread/INFO] [ebwizardry]: Synchronising advancements for laureeanoKy
[00:05:09] [Server thread/INFO] [ebwizardry]: Synchronising advancements for laureeanoKy
[00:05:09] [Server thread/INFO] [ebwizardry]: Synchronising advancements for laureeanoKy
[00:05:09] [Server thread/INFO] [ebwizardry]: Synchronising advancements for laureeanoKy
[00:05:09] [Server thread/INFO] [ebwizardry]: Synchronising advancements for laureeanoKy
[00:05:09] [Server thread/INFO] [ebwizardry]: Synchronising advancements for laureeanoKy
[00:05:09] [Server thread/INFO] [ebwizardry]: Synchronising advancements for laureeanoKy
[00:05:09] [Server thread/INFO] [ebwizardry]: Synchronising advancements for laureeanoKy
[00:05:09] [Server thread/INFO] [ebwizardry]: Synchronising advancements for laureeanoKy
[00:05:09] [Server thread/INFO] [ebwizardry]: Synchronising advancements for laureeanoKy
[00:05:09] [Server thread/INFO] [ebwizardry]: Synchronising advancements for laureeanoKy
[00:05:09] [Server thread/INFO] [ebwizardry]: Synchronising advancements for laureeanoKy
[00:05:09] [Server thread/INFO] [ebwizardry]: Synchronising advancements for laureeanoKy
[00:05:33] [Server thread/WARN] [net.minecraft.network.NetHandlerPlayServer]: Floppapan moved wrongly!
[00:05:51] [Server thread/INFO] [net.minecraft.server.dedicated.DedicatedServer]: Floppapan drowned whilst trying to escape Scarlet Lacedon
[00:05:52] [Server thread/INFO] [ebwizardry]: Sending global donation perk settings to Floppapan
[00:08:02] [Server thread/INFO] [net.minecraft.server.dedicated.DedicatedServer]: Floppapan was slain by Sea Serpent
[00:08:03] [Server thread/INFO] [ebwizardry]: Sending global donation perk settings to Floppapan
[00:09:26] [Server thread/WARN] [net.minecraft.network.NetHandlerPlayServer]: Floppapan moved wrongly!
[00:10:11] [Server thread/WARN] [net.minecraft.world.storage.loot.LootTable]: Tried to over-fill a container
[00:10:12] [Server thread/INFO] [AIReducer]: Caching Wrapped Task Constructor: com.charles445.aireducer.ai.myrmexold.WrappedTaskOldMyrmexAILeaveHive
[00:10:12] [Server thread/INFO] [AIReducer]: Caching Wrapped Task Constructor: com.charles445.aireducer.ai.myrmexold.WrappedTaskOldMyrmexAIMoveThroughHive
[00:10:12] [Server thread/INFO] [AIReducer]: Caching Wrapped Task Constructor: com.charles445.aireducer.ai.myrmexold.WrappedTaskOldMyrmexAIReEnterHive
[00:10:12] [Server thread/INFO] [AIReducer]: Caching Wrapped Task Constructor: com.charles445.aireducer.ai.myrmexold.WrappedProximityTaskOldMyrmex
[00:10:12] [Server thread/INFO] [AIReducer]: Caching Wrapped Task Constructor: com.charles445.aireducer.ai.myrmexold.WrappedTaskOldMyrmexAIFindHidingSpot
[00:10:12] [Server thread/INFO] [AIReducer]: Caching Wrapped Task Constructor: com.charles445.aireducer.ai.myrmexold.WrappedTaskOldMyrmexAIForage
[00:10:12] [Server thread/INFO] [AIReducer]: Caching Wrapped Task Constructor: com.charles445.aireducer.ai.myrmexold.WrappedTaskOldMyrmexAIEscortEntity
[00:10:19] [Server thread/INFO] [net.minecraft.server.dedicated.DedicatedServer]: laureeanoKy was slain by Krake
[00:10:21] [Server thread/INFO] [ebwizardry]: Sending global donation perk settings to laureeanoKy
[00:11:09] [Server thread/WARN] [net.minecraft.network.NetHandlerPlayServer]: Floppapan moved wrongly!
[00:11:59] [Server thread/INFO] [net.minecraft.network.NetHandlerPlayServer]: laureeanoKy lost connection: Disconnected
[00:11:59] [Server thread/INFO] [net.minecraft.server.dedicated.DedicatedServer]: laureeanoKy left the game
[00:13:50] [Server thread/INFO] [STDOUT]: [atomicstryker.battletowers.common.AS_WorldGenTower:generate:538]: Dimension 0 Battle Tower type CobbleStoneMossy spawned at [ 904 | -7160 ], underground: true
[00:14:27] [Server thread/INFO] [net.minecraft.server.dedicated.DedicatedServer]: Floppapan drowned whilst trying to escape Abtu
[00:14:28] [Server thread/INFO] [ebwizardry]: Sending global donation perk settings to Floppapan
[00:15:01] [Server thread/INFO] [net.minecraft.network.NetHandlerPlayServer]: Floppapan lost connection: Disconnected
[00:15:01] [Server thread/INFO] [net.minecraft.server.dedicated.DedicatedServer]: Floppapan left the game
[00:33:06] [Server thread/INFO] [net.minecraft.server.dedicated.DedicatedServer]: Stopping the server
[00:33:06] [Server thread/INFO] [AUW]: Stopping DS...
[00:33:06] [Server thread/INFO] [net.minecraft.server.MinecraftServer]: Stopping server
[00:33:06] [Server thread/INFO] [net.minecraft.server.MinecraftServer]: Saving players
[00:33:06] [Server thread/INFO] [net.minecraft.server.MinecraftServer]: Saving worlds
[00:33:06] [Server thread/INFO] [net.minecraft.server.MinecraftServer]: Saving chunks for level 'World'/overworld
[00:33:06] [Server thread/INFO] [globalgamerules]: Saving gamerules of dimension 0 (World) to config
[00:33:06] [Server thread/INFO] [FML]: Unloading dimension 0
[00:33:06] [Server Shutdown Thread/INFO] [net.minecraft.server.MinecraftServer]: Stopping server
[00:33:06] [Server Shutdown Thread/INFO] [net.minecraft.server.MinecraftServer]: Saving players
[00:33:06] [Server Shutdown Thread/INFO] [net.minecraft.server.MinecraftServer]: Saving worlds
